[www.aspaklaria.info/index.html]
[backblue.gif]
[fade.gif]
[index.html]
[www.aspaklaria.info/Logo_Aspaklaria_V25.html]
[www.aspaklaria.info/AlepBet_Title_V25.html]
[www.aspaklaria.info/Aspaklaria_main_V20.html]
[www.aspaklaria.info/index.html]
[www.aspaklaria.info/Logo_Aspaklaria_V25.html]
[www.aspaklaria.info/001_ALEF/ALEF.html]
[www.aspaklaria.info/002_BET/BET.html]
[www.aspaklaria.info/003_GIMEL/GIMEL.html]
[www.aspaklaria.info/004_DALET/DALET.html]
[www.aspaklaria.info/005_HE/HE.html]
[www.aspaklaria.info/006_VAV/VAV.html]
[www.aspaklaria.info/007_ZAYIN/ZAYIN.html]
[www.aspaklaria.info/008_HET/HET.html]
[www.aspaklaria.info/009_TET/TET.html]
[www.aspaklaria.info/010_YOD/YOD.html]
[www.aspaklaria.info/020_KAF/KAF.html]
[www.aspaklaria.info/030_LAMED/LAMED.html]
[www.aspaklaria.info/040_MEM/MEM.html]
[www.aspaklaria.info/050_NUN/NUN.html]
[www.aspaklaria.info/060_SAMEKH/SAMEKH.html]
[www.aspaklaria.info/070_AYIN/AYIN.html]
[www.aspaklaria.info/080_PE/PE.html]
[www.aspaklaria.info/090_TSADI/TSADI.html]
[www.aspaklaria.info/100_QOF/QOF.html]
[www.aspaklaria.info/200_RESH/RESH.html]
[www.aspaklaria.info/300_SHIN/SHIN.html]
[www.aspaklaria.info/400_TAV/TAV.html]
[www.aspaklaria.info/AlepBet_Title_V25.html]
[www.aspaklaria.info/aspaklaria.jpg]
[www.aspaklaria.info/Aspaklaria_main_V20.html]
[www.aspaklaria.info/aspaklaria.css]
[www.aspaklaria.info/001_ALEF/א.html]
[www.aspaklaria.info/001_ALEF/אב.html]
[www.aspaklaria.info/001_ALEF/אב   ובת.html]
[www.aspaklaria.info/001_ALEF/אב חודש.html]
[www.aspaklaria.info/001_ALEF/אבא אומנא.html]
[www.aspaklaria.info/001_ALEF/אבא סוראה.html]
[www.aspaklaria.info/001_ALEF/אב   ובן.html]
[www.aspaklaria.info/001_ALEF/אבדה.html]
[www.aspaklaria.info/001_ALEF/אבדון.html]
[www.aspaklaria.info/001_ALEF/אבה חשק.html]
[www.aspaklaria.info/001_ALEF/אבה אניות.html]
[www.aspaklaria.info/001_ALEF/אבוד עצמו לדעת.html]
[www.aspaklaria.info/001_ALEF/אבות   אלוקי.html]
[www.aspaklaria.info/001_ALEF/אבות   ברית והבטחה.html]
[www.aspaklaria.info/001_ALEF/אבות   ברכה והשגחה.html]
[www.aspaklaria.info/001_ALEF/אבות   זכות.html]
[www.aspaklaria.info/001_ALEF/אבות.html]
[www.aspaklaria.info/001_ALEF/אבות   מעשה אבות סימן לבנים.html]
[www.aspaklaria.info/001_ALEF/אבות   נבואה.html]
[www.aspaklaria.info/001_ALEF/אבות   רכוש.html]
[www.aspaklaria.info/001_ALEF/אבות   תורה.html]
[www.aspaklaria.info/001_ALEF/אבות   תפלה.html]
[www.aspaklaria.info/001_ALEF/אביב.html]
[www.aspaklaria.info/001_ALEF/אביאל.html]
[www.aspaklaria.info/001_ALEF/אביגיל.html]
[www.aspaklaria.info/001_ALEF/אביה מלך יהודה.html]
[www.aspaklaria.info/001_ALEF/אביה.html]
[www.aspaklaria.info/001_ALEF/אביון   דל.html]
[www.aspaklaria.info/001_ALEF/אביונה.html]
[www.aspaklaria.info/001_ALEF/אבימלך.html]
[www.aspaklaria.info/001_ALEF/אבימלך   ואברהם.html]
[www.aspaklaria.info/001_ALEF/אבימלך   ויצחק.html]
[www.aspaklaria.info/001_ALEF/אבימלך   ושרה.html]
[www.aspaklaria.info/001_ALEF/אבימלך   בן ירובעל.html]
[www.aspaklaria.info/001_ALEF/אביר.html]
[www.aspaklaria.info/001_ALEF/אביר יעקב.html]
[www.aspaklaria.info/001_ALEF/אבישג.html]
[www.aspaklaria.info/001_ALEF/אבישי.html]
[www.aspaklaria.info/001_ALEF/אביתר.html]
[www.aspaklaria.info/001_ALEF/אבל.html]
[www.aspaklaria.info/001_ALEF/אבלות.html]
[www.aspaklaria.info/001_ALEF/אבן.html]
[www.aspaklaria.info/001_ALEF/אבן אקדח.html]
[www.aspaklaria.info/001_ALEF/אבן בוחן.html]
[www.aspaklaria.info/001_ALEF/אבן זוחלת.html]
[www.aspaklaria.info/001_ALEF/אבן שתיה.html]
[www.aspaklaria.info/001_ALEF/אבן עזרא.html]
[www.aspaklaria.info/001_ALEF/אבנים.html]
[www.aspaklaria.info/001_ALEF/אבנר.html]
[www.aspaklaria.info/001_ALEF/אבצן.html]
[www.aspaklaria.info/001_ALEF/אבר.html]
[www.aspaklaria.info/001_ALEF/אבר מן החי.html]
[www.aspaklaria.info/001_ALEF/אברבנאל.html]
[www.aspaklaria.info/001_ALEF/אברה.html]
[www.aspaklaria.info/001_ALEF/אברהם   ואבימלך.html]
[www.aspaklaria.info/001_ALEF/אברהם   באור כשדים ויציאתו משם.html]
[www.aspaklaria.info/001_ALEF/אברהם   אמונה.html]
[www.aspaklaria.info/001_ALEF/אברהם   אלקי.html]
[www.aspaklaria.info/001_ALEF/אברהם   ובני חת.html]
[www.aspaklaria.info/001_ALEF/אברהם   בניו.html]
[www.aspaklaria.info/001_ALEF/אברהם   ברית.html]
[www.aspaklaria.info/001_ALEF/אברהם   ברכה והבטחה.html]
[www.aspaklaria.info/001_ALEF/אברהם   והגר.html]
[www.aspaklaria.info/001_ALEF/אברהם.html]
[www.aspaklaria.info/001_ALEF/אברהם   זכות ואמונה.html]
[www.aspaklaria.info/001_ALEF/אברהם   ויצחק.html]
[www.aspaklaria.info/001_ALEF/אברהם   וישמעאל.html]
[www.aspaklaria.info/001_ALEF/אברהם   ולוט.html]
[www.aspaklaria.info/001_ALEF/אברהם   והמלאכים.html]
[www.aspaklaria.info/001_ALEF/אברהם   והמלכים.html]
[www.aspaklaria.info/001_ALEF/אברהם   במצרים.html]
[www.aspaklaria.info/001_ALEF/אברהם   נבואה.html]
[www.aspaklaria.info/001_ALEF/אברהם   וסביבתו.html]
[www.aspaklaria.info/001_ALEF/אברהם   וסדום.html]
[www.aspaklaria.info/001_ALEF/אברהם   רכוש.html]
[www.aspaklaria.info/001_ALEF/אברהם   ושרה.html]
[www.aspaklaria.info/001_ALEF/אברהם   נסיון.html]
[www.aspaklaria.info/001_ALEF/אברהם   תורה ומצוות.html]
[www.aspaklaria.info/001_ALEF/אברהם   תפלה.html]
[www.aspaklaria.info/001_ALEF/אברך.html]
[www.aspaklaria.info/001_ALEF/אבשלום.html]
[www.aspaklaria.info/001_ALEF/אגג.html]
[www.aspaklaria.info/001_ALEF/אגדה.html]
[www.aspaklaria.info/001_ALEF/אגודה.html]
[www.aspaklaria.info/001_ALEF/אגוז.html]
[www.aspaklaria.info/001_ALEF/אגור.html]
[www.aspaklaria.info/001_ALEF/אגם.html]
[www.aspaklaria.info/001_ALEF/אגמון.html]
[www.aspaklaria.info/001_ALEF/אגמי נפש.html]
[www.aspaklaria.info/001_ALEF/אגן.html]
[www.aspaklaria.info/001_ALEF/אגף.html]
[www.aspaklaria.info/001_ALEF/אגרוף.html]
[www.aspaklaria.info/001_ALEF/אגריפס.html]
[www.aspaklaria.info/001_ALEF/אדום.html]
[www.aspaklaria.info/001_ALEF/אדום   צבע.html]
[www.aspaklaria.info/001_ALEF/אדון.html]
[www.aspaklaria.info/001_ALEF/אדוניה.html]
[www.aspaklaria.info/001_ALEF/אדיר.html]
[www.aspaklaria.info/001_ALEF/אדם   וביתו.html]
[www.aspaklaria.info/001_ALEF/אדם   ובעלי חיים.html]
[www.aspaklaria.info/001_ALEF/אדם   בריאה.html]
[www.aspaklaria.info/001_ALEF/אדם בחירה.html]
[www.aspaklaria.info/001_ALEF/אדם   וחברו.html]
[www.aspaklaria.info/001_ALEF/אדם.html]
[www.aspaklaria.info/001_ALEF/אדם מדות.html]
[www.aspaklaria.info/001_ALEF/אדם   ומלאך.html]
[www.aspaklaria.info/001_ALEF/אדם טבע   ומדות.html]
[www.aspaklaria.info/001_ALEF/אדם   חייו.html]
[www.aspaklaria.info/001_ALEF/אדם   ומציאות.html]
[www.aspaklaria.info/001_ALEF/אדם   נשמה.html]
[www.aspaklaria.info/001_ALEF/אדם   ידיעה.html]
[www.aspaklaria.info/001_ALEF/אדם   מעשה.html]
[www.aspaklaria.info/001_ALEF/אדם   פרנסה.html]
[www.aspaklaria.info/001_ALEF/אדם   צלם אלקים.html]
[www.aspaklaria.info/001_ALEF/אדם   שם.html]
[www.aspaklaria.info/001_ALEF/אדם הראשון   אחר החטא.html]
[www.aspaklaria.info/001_ALEF/אדם הראשון   אכילה.html]
[www.aspaklaria.info/001_ALEF/אדם   תפקיד ושלמות.html]
[www.aspaklaria.info/001_ALEF/אדם הראשון   וחוה.html]
[www.aspaklaria.info/001_ALEF/אדם הראשון   כתנות עור.html]
[www.aspaklaria.info/001_ALEF/אדם הראשון.html]
[www.aspaklaria.info/001_ALEF/אדם הראשון   קודם ואחר החטא.html]
[www.aspaklaria.info/001_ALEF/אדם הראשון   קריאת שמות.html]
[www.aspaklaria.info/001_ALEF/אדמה.html]
[www.aspaklaria.info/001_ALEF/אדם הראשון   חטא ועונש.html]
[www.aspaklaria.info/001_ALEF/אדמה   חטא וקללה.html]
[www.aspaklaria.info/001_ALEF/אדר.html]
[www.aspaklaria.info/001_ALEF/אדרינוס.html]
[www.aspaklaria.info/001_ALEF/אהבה.html]
[www.aspaklaria.info/001_ALEF/אהה.html]
[www.aspaklaria.info/001_ALEF/אהוד.html]
[www.aspaklaria.info/001_ALEF/אהליאב.html]
[www.aspaklaria.info/001_ALEF/אהרן.html]
[www.aspaklaria.info/001_ALEF/אהרן   ובניו.html]
[www.aspaklaria.info/001_ALEF/אהרן   חטא.html]
[www.aspaklaria.info/001_ALEF/אהרן   מטה.html]
[www.aspaklaria.info/001_ALEF/אהרן   מיתה.html]
[www.aspaklaria.info/001_ALEF/אהרן   ומשה.html]
[www.aspaklaria.info/001_ALEF/או.html]
[www.aspaklaria.info/001_ALEF/אוב.html]
[www.aspaklaria.info/001_ALEF/אובל.html]
[www.aspaklaria.info/001_ALEF/אוד.html]
[www.aspaklaria.info/001_ALEF/אודות.html]
[www.aspaklaria.info/001_ALEF/אוה.html]
[www.aspaklaria.info/001_ALEF/אוהל.html]
[www.aspaklaria.info/001_ALEF/אוהל מועד.html]
[www.aspaklaria.info/001_ALEF/אוז.html]
[www.aspaklaria.info/001_ALEF/אוזן.html]
[www.aspaklaria.info/001_ALEF/אוח.html]
[www.aspaklaria.info/001_ALEF/אוי.html]
[www.aspaklaria.info/001_ALEF/אויב.html]
[www.aspaklaria.info/001_ALEF/אויל.html]
[www.aspaklaria.info/001_ALEF/אויל מרודך.html]
[www.aspaklaria.info/001_ALEF/אויר.html]
[www.aspaklaria.info/001_ALEF/אוכל.html]
[www.aspaklaria.info/001_ALEF/אולי.html]
[www.aspaklaria.info/001_ALEF/אולם.html]
[www.aspaklaria.info/001_ALEF/אולת.html]
[www.aspaklaria.info/001_ALEF/אומה.html]
[www.aspaklaria.info/001_ALEF/אומות העולם   ד מלכויות.html]
[www.aspaklaria.info/001_ALEF/אומות העולם   וישראל.html]
[www.aspaklaria.info/001_ALEF/אומות העולם.html]
[www.aspaklaria.info/001_ALEF/אומות העולם   לעתיד לבא.html]
[www.aspaklaria.info/001_ALEF/אומות העולם   מלך צפון ומלך נגב.html]
[www.aspaklaria.info/001_ALEF/אומות העולם   נבואה.html]
[www.aspaklaria.info/001_ALEF/אומות העולם   תורה.html]
[www.aspaklaria.info/001_ALEF/אומלל.html]
[www.aspaklaria.info/001_ALEF/אומן.html]
[www.aspaklaria.info/001_ALEF/אומנות.html]
[www.aspaklaria.info/001_ALEF/אומנם.html]
[www.aspaklaria.info/001_ALEF/אומץ.html]
[www.aspaklaria.info/001_ALEF/און.html]
[www.aspaklaria.info/001_ALEF/און   כח.html]
[www.aspaklaria.info/001_ALEF/און בן פלת.html]
[www.aspaklaria.info/001_ALEF/אונאה   מסחר.html]
[www.aspaklaria.info/001_ALEF/אונאה.html]
[www.aspaklaria.info/001_ALEF/אונן.html]
[www.aspaklaria.info/001_ALEF/אונן   אבלות.html]
[www.aspaklaria.info/001_ALEF/אונס.html]
[www.aspaklaria.info/001_ALEF/אונקלוס.html]
[www.aspaklaria.info/001_ALEF/אופז.html]
[www.aspaklaria.info/001_ALEF/אופי.html]
[www.aspaklaria.info/001_ALEF/אופל.html]
[www.aspaklaria.info/001_ALEF/אופנים.html]
[www.aspaklaria.info/001_ALEF/אוץ.html]
[www.aspaklaria.info/001_ALEF/אוצר.html]
[www.aspaklaria.info/001_ALEF/אוקינוס.html]
